// Vitest Snapshot v1, https://vitest.dev/guide/snapshot.html

exports[`INMET contract: real fixture round-trip > fetch() resolves to Alert[] matching committed snapshot 1`] = `
[
  {
    "body": "Fixture de teste para validação estrutural do script de refresh.",
    "fetched_at": "NORMALIZED",
    "hazard_kind": "inundacao",
    "headline": "Aviso de Inundação para fins de teste",
    "payload_hash": "240229c62e2d946aee8f4e2c330365595e5d78cd30fe16652a3cacbb4d69a6b8",
    "raw": {
      "?xml": {
        "@_encoding": "UTF-8",
        "@_version": "1.0",
      },
      "alert": {
        "@_xmlns": "urn:oasis:names:tc:emergency:cap:1.2",
        "identifier": "AVISO_STUB_001",
        "info": [
          {
            "@_xml:lang": "pt-BR",
            "area": {
              "areaDesc": "São Paulo",
              "geocode": {
                "value": "SP",
                "valueName": "IBGE",
              },
            },
            "category": "Met",
            "certainty": "Likely",
            "description": "Fixture de teste para validação estrutural do script de refresh.",
            "event": "Inundação",
            "expires": "2026-01-16T12:00:00-03:00",
            "headline": "Aviso de Inundação para fins de teste",
            "onset": "2026-01-15T12:00:00-03:00",
            "severity": "Severe",
            "urgency": "Expected",
          },
        ],
        "msgType": "Alert",
        "scope": "Public",
        "sender": "inmet@inmet.gov.br",
        "sent": "2026-01-15T12:00:00-03:00",
        "status": "Actual",
      },
    },
    "severity": "high",
    "source_key": "inmet",
    "source_url": "https://alertas2.inmet.gov.br/54412",
    "state_uf": "SP",
    "valid_from": undefined,
    "valid_until": "2026-01-16T15:00:00.000Z",
  },
  {
    "body": "Fixture de teste para validação estrutural do script de refresh.",
    "fetched_at": "NORMALIZED",
    "hazard_kind": "inundacao",
    "headline": "Aviso de Inundação para fins de teste",
    "payload_hash": "f0e58483d713faaaec489881a897e52d1f88b1e277cfa9a993630a8e979d07e1",
    "raw": {
      "?xml": {
        "@_encoding": "UTF-8",
        "@_version": "1.0",
      },
      "alert": {
        "@_xmlns": "urn:oasis:names:tc:emergency:cap:1.2",
        "identifier": "AVISO_STUB_001",
        "info": [
          {
            "@_xml:lang": "pt-BR",
            "area": {
              "areaDesc": "São Paulo",
              "geocode": {
                "value": "SP",
                "valueName": "IBGE",
              },
            },
            "category": "Met",
            "certainty": "Likely",
            "description": "Fixture de teste para validação estrutural do script de refresh.",
            "event": "Inundação",
            "expires": "2026-01-16T12:00:00-03:00",
            "headline": "Aviso de Inundação para fins de teste",
            "onset": "2026-01-15T12:00:00-03:00",
            "severity": "Severe",
            "urgency": "Expected",
          },
        ],
        "msgType": "Alert",
        "scope": "Public",
        "sender": "inmet@inmet.gov.br",
        "sent": "2026-01-15T12:00:00-03:00",
        "status": "Actual",
      },
    },
    "severity": "high",
    "source_key": "inmet",
    "source_url": "https://alertas2.inmet.gov.br/54414",
    "state_uf": "SP",
    "valid_from": undefined,
    "valid_until": "2026-01-16T15:00:00.000Z",
  },
  {
    "body": "Fixture de teste para validação estrutural do script de refresh.",
    "fetched_at": "NORMALIZED",
    "hazard_kind": "inundacao",
    "headline": "Aviso de Inundação para fins de teste",
    "payload_hash": "229c7676625e9293ee373ad5cf63ff9d395fec4d3646b661ebc4dc302fafe7a6",
    "raw": {
      "?xml": {
        "@_encoding": "UTF-8",
        "@_version": "1.0",
      },
      "alert": {
        "@_xmlns": "urn:oasis:names:tc:emergency:cap:1.2",
        "identifier": "AVISO_STUB_001",
        "info": [
          {
            "@_xml:lang": "pt-BR",
            "area": {
              "areaDesc": "São Paulo",
              "geocode": {
                "value": "SP",
                "valueName": "IBGE",
              },
            },
            "category": "Met",
            "certainty": "Likely",
            "description": "Fixture de teste para validação estrutural do script de refresh.",
            "event": "Inundação",
            "expires": "2026-01-16T12:00:00-03:00",
            "headline": "Aviso de Inundação para fins de teste",
            "onset": "2026-01-15T12:00:00-03:00",
            "severity": "Severe",
            "urgency": "Expected",
          },
        ],
        "msgType": "Alert",
        "scope": "Public",
        "sender": "inmet@inmet.gov.br",
        "sent": "2026-01-15T12:00:00-03:00",
        "status": "Actual",
      },
    },
    "severity": "high",
    "source_key": "inmet",
    "source_url": "https://alertas2.inmet.gov.br/54413",
    "state_uf": "SP",
    "valid_from": undefined,
    "valid_until": "2026-01-16T15:00:00.000Z",
  },
  {
    "body": "Fixture de teste para validação estrutural do script de refresh.",
    "fetched_at": "NORMALIZED",
    "hazard_kind": "inundacao",
    "headline": "Aviso de Inundação para fins de teste",
    "payload_hash": "1753dcb9c9c760f537a90a6d3bda7ed1b437817e3435132050b415c40415b03e",
    "raw": {
      "?xml": {
        "@_encoding": "UTF-8",
        "@_version": "1.0",
      },
      "alert": {
        "@_xmlns": "urn:oasis:names:tc:emergency:cap:1.2",
        "identifier": "AVISO_STUB_001",
        "info": [
          {
            "@_xml:lang": "pt-BR",
            "area": {
              "areaDesc": "São Paulo",
              "geocode": {
                "value": "SP",
                "valueName": "IBGE",
              },
            },
            "category": "Met",
            "certainty": "Likely",
            "description": "Fixture de teste para validação estrutural do script de refresh.",
            "event": "Inundação",
            "expires": "2026-01-16T12:00:00-03:00",
            "headline": "Aviso de Inundação para fins de teste",
            "onset": "2026-01-15T12:00:00-03:00",
            "severity": "Severe",
            "urgency": "Expected",
          },
        ],
        "msgType": "Alert",
        "scope": "Public",
        "sender": "inmet@inmet.gov.br",
        "sent": "2026-01-15T12:00:00-03:00",
        "status": "Actual",
      },
    },
    "severity": "high",
    "source_key": "inmet",
    "source_url": "https://alertas2.inmet.gov.br/54419",
    "state_uf": "SP",
    "valid_from": undefined,
    "valid_until": "2026-01-16T15:00:00.000Z",
  },
  {
    "body": "Fixture de teste para validação estrutural do script de refresh.",
    "fetched_at": "NORMALIZED",
    "hazard_kind": "inundacao",
    "headline": "Aviso de Inundação para fins de teste",
    "payload_hash": "8fae626b206d0f2e67bb8c4b2b72bf5d652ccf506c256b09ab47306bb655aff9",
    "raw": {
      "?xml": {
        "@_encoding": "UTF-8",
        "@_version": "1.0",
      },
      "alert": {
        "@_xmlns": "urn:oasis:names:tc:emergency:cap:1.2",
        "identifier": "AVISO_STUB_001",
        "info": [
          {
            "@_xml:lang": "pt-BR",
            "area": {
              "areaDesc": "São Paulo",
              "geocode": {
                "value": "SP",
                "valueName": "IBGE",
              },
            },
            "category": "Met",
            "certainty": "Likely",
            "description": "Fixture de teste para validação estrutural do script de refresh.",
            "event": "Inundação",
            "expires": "2026-01-16T12:00:00-03:00",
            "headline": "Aviso de Inundação para fins de teste",
            "onset": "2026-01-15T12:00:00-03:00",
            "severity": "Severe",
            "urgency": "Expected",
          },
        ],
        "msgType": "Alert",
        "scope": "Public",
        "sender": "inmet@inmet.gov.br",
        "sent": "2026-01-15T12:00:00-03:00",
        "status": "Actual",
      },
    },
    "severity": "high",
    "source_key": "inmet",
    "source_url": "https://alertas2.inmet.gov.br/54421",
    "state_uf": "SP",
    "valid_from": undefined,
    "valid_until": "2026-01-16T15:00:00.000Z",
  },
  {
    "body": "Fixture de teste para validação estrutural do script de refresh.",
    "fetched_at": "NORMALIZED",
    "hazard_kind": "inundacao",
    "headline": "Aviso de Inundação para fins de teste",
    "payload_hash": "5a232e722ec371a31279669280987eb1181c384a2ffc61c184cc152a01760d9f",
    "raw": {
      "?xml": {
        "@_encoding": "UTF-8",
        "@_version": "1.0",
      },
      "alert": {
        "@_xmlns": "urn:oasis:names:tc:emergency:cap:1.2",
        "identifier": "AVISO_STUB_001",
        "info": [
          {
            "@_xml:lang": "pt-BR",
            "area": {
              "areaDesc": "São Paulo",
              "geocode": {
                "value": "SP",
                "valueName": "IBGE",
              },
            },
            "category": "Met",
            "certainty": "Likely",
            "description": "Fixture de teste para validação estrutural do script de refresh.",
            "event": "Inundação",
            "expires": "2026-01-16T12:00:00-03:00",
            "headline": "Aviso de Inundação para fins de teste",
            "onset": "2026-01-15T12:00:00-03:00",
            "severity": "Severe",
            "urgency": "Expected",
          },
        ],
        "msgType": "Alert",
        "scope": "Public",
        "sender": "inmet@inmet.gov.br",
        "sent": "2026-01-15T12:00:00-03:00",
        "status": "Actual",
      },
    },
    "severity": "high",
    "source_key": "inmet",
    "source_url": "https://alertas2.inmet.gov.br/54422",
    "state_uf": "SP",
    "valid_from": undefined,
    "valid_until": "2026-01-16T15:00:00.000Z",
  },
]
`;
